Archive member included to satisfy reference by file (symbol)

c:/nghiencuu_stm/8_2018-q4-major/bin/../lib/gcc/arm-none-eabi/8.3.1/../../../../arm-none-eabi/lib/thumb/v7e-m+fp/hard\libc_nano.a(lib_a-exit.o)
                              c:/nghiencuu_stm/8_2018-q4-major/bin/../lib/gcc/arm-none-eabi/8.3.1/../../../../arm-none-eabi/lib/thumb/v7e-m+fp/hard/crt0.o (exit)
c:/nghiencuu_stm/8_2018-q4-major/bin/../lib/gcc/arm-none-eabi/8.3.1/../../../../arm-none-eabi/lib/thumb/v7e-m+fp/hard\libc_nano.a(lib_a-impure.o)
                              c:/nghiencuu_stm/8_2018-q4-major/bin/../lib/gcc/arm-none-eabi/8.3.1/../../../../arm-none-eabi/lib/thumb/v7e-m+fp/hard\libc_nano.a(lib_a-exit.o) (_global_impure_ptr)
c:/nghiencuu_stm/8_2018-q4-major/bin/../lib/gcc/arm-none-eabi/8.3.1/../../../../arm-none-eabi/lib/thumb/v7e-m+fp/hard\libc_nano.a(lib_a-init.o)
                              c:/nghiencuu_stm/8_2018-q4-major/bin/../lib/gcc/arm-none-eabi/8.3.1/../../../../arm-none-eabi/lib/thumb/v7e-m+fp/hard/crt0.o (__libc_init_array)
c:/nghiencuu_stm/8_2018-q4-major/bin/../lib/gcc/arm-none-eabi/8.3.1/../../../../arm-none-eabi/lib/thumb/v7e-m+fp/hard\libc_nano.a(lib_a-memcpy-stub.o)
                              _build/nrf52832_xxaa/nrf_memobj.c.o (memcpy)
c:/nghiencuu_stm/8_2018-q4-major/bin/../lib/gcc/arm-none-eabi/8.3.1/../../../../arm-none-eabi/lib/thumb/v7e-m+fp/hard\libc_nano.a(lib_a-memset.o)
                              c:/nghiencuu_stm/8_2018-q4-major/bin/../lib/gcc/arm-none-eabi/8.3.1/../../../../arm-none-eabi/lib/thumb/v7e-m+fp/hard/crt0.o (memset)
c:/nghiencuu_stm/8_2018-q4-major/bin/../lib/gcc/arm-none-eabi/8.3.1/../../../../arm-none-eabi/lib/thumb/v7e-m+fp/hard\libc_nano.a(lib_a-strlen.o)
                              _build/nrf52832_xxaa/nrf_fprintf_format.c.o (strlen)
c:/nghiencuu_stm/8_2018-q4-major/bin/../lib/gcc/arm-none-eabi/8.3.1/../../../../arm-none-eabi/lib/thumb/v7e-m+fp/hard\libnosys.a(_exit.o)
                              c:/nghiencuu_stm/8_2018-q4-major/bin/../lib/gcc/arm-none-eabi/8.3.1/../../../../arm-none-eabi/lib/thumb/v7e-m+fp/hard\libc_nano.a(lib_a-exit.o) (_exit)

Allocating common symbols
Common symbol       size              file

data_tx_spi         0x2               _build/nrf52832_xxaa/main.c.o
data_tx             0x2               _build/nrf52832_xxaa/main.c.o
_ss                 0x1               _build/nrf52832_xxaa/main.c.o
data_rx_spi         0x2               _build/nrf52832_xxaa/main.c.o
_data               0x2               _build/nrf52832_xxaa/main.c.o

Discarded input sections

 .text          0x00000000        0x0 c:/nghiencuu_stm/8_2018-q4-major/bin/../lib/gcc/arm-none-eabi/8.3.1/thumb/v7e-m+fp/hard/crti.o
 .data          0x00000000        0x0 c:/nghiencuu_stm/8_2018-q4-major/bin/../lib/gcc/arm-none-eabi/8.3.1/thumb/v7e-m+fp/hard/crti.o
 .bss           0x00000000        0x0 c:/nghiencuu_stm/8_2018-q4-major/bin/../lib/gcc/arm-none-eabi/8.3.1/thumb/v7e-m+fp/hard/crti.o
 .data          0x00000000        0x4 c:/nghiencuu_stm/8_2018-q4-major/bin/../lib/gcc/arm-none-eabi/8.3.1/thumb/v7e-m+fp/hard/crtbegin.o
 .data          0x00000000        0x0 c:/nghiencuu_stm/8_2018-q4-major/bin/../lib/gcc/arm-none-eabi/8.3.1/../../../../arm-none-eabi/lib/thumb/v7e-m+fp/hard/crt0.o
 .bss           0x00000000        0x0 c:/nghiencuu_stm/8_2018-q4-major/bin/../lib/gcc/arm-none-eabi/8.3.1/../../../../arm-none-eabi/lib/thumb/v7e-m+fp/hard/crt0.o
 .ARM.extab     0x00000000        0x0 c:/nghiencuu_stm/8_2018-q4-major/bin/../lib/gcc/arm-none-eabi/8.3.1/../../../../arm-none-eabi/lib/thumb/v7e-m+fp/hard/crt0.o
 .data          0x00000000        0x0 _build/nrf52832_xxaa/gcc_startup_nrf52.S.o
 .bss           0x00000000        0x0 _build/nrf52832_xxaa/gcc_startup_nrf52.S.o
 .group         0x00000000        0xc _build/nrf52832_xxaa/nrf_log_frontend.c.o
 .group         0x00000000        0xc _build/nrf52832_xxaa/nrf_log_frontend.c.o
 .group         0x00000000        0xc _build/nrf52832_xxaa/nrf_log_frontend.c.o
 .group         0x00000000        0xc _build/nrf52832_xxaa/nrf_log_frontend.c.o
 .group         0x00000000        0xc _build/nrf52832_xxaa/nrf_log_frontend.c.o
 .group         0x00000000        0xc _build/nrf52832_xxaa/nrf_log_frontend.c.o
 .group         0x00000000        0xc _build/nrf52832_xxaa/nrf_log_frontend.c.o
 .group         0x00000000        0xc _build/nrf52832_xxaa/nrf_log_frontend.c.o
 .group         0x00000000        0xc _build/nrf52832_xxaa/nrf_log_frontend.c.o
 .group         0x00000000        0xc _build/nrf52832_xxaa/nrf_log_frontend.c.o
 .group         0x00000000        0xc _build/nrf52832_xxaa/nrf_log_frontend.c.o
 .group         0x00000000        0xc _build/nrf52832_xxaa/nrf_log_frontend.c.o
 .group         0x00000000        0xc _build/nrf52832_xxaa/nrf_log_frontend.c.o
 .group         0x00000000        0xc _build/nrf52832_xxaa/nrf_log_frontend.c.o
 .group         0x00000000        0xc _build/nrf52832_xxaa/nrf_log_frontend.c.o
[...]
Memory Configuration

Name             Origin             Length             Attributes
FLASH            0x00001000         0x0007f000         xr
RAM              0x20000008         0x0000fff8         xrw
*default*        0x00000000         0xffffffff

Linker script and memory map


.text           0x00001000      0xdf0
 *(.isr_vector)
 .isr_vector    0x00001000      0x200 _build/nrf52832_xxaa/gcc_startup_nrf52.S.o
                0x00001000                __isr_vector
 *(.text*)
 .text          0x00001200       0x40 c:/nghiencuu_stm/8_2018-q4-major/bin/../lib/gcc/arm-none-eabi/8.3.1/thumb/v7e-m+fp/hard/crtbegin.o
 .text          0x00001240       0x74 c:/nghiencuu_stm/8_2018-q4-major/bin/../lib/gcc/arm-none-eabi/8.3.1/../../../../arm-none-eabi/lib/thumb/v7e-m+fp/hard/crt0.o
                0x00001240                _start
                0x00001240                _mainCRTStartup
 .text          0x000012b4       0x3c _build/nrf52832_xxaa/gcc_startup_nrf52.S.o
                0x000012b4                Reset_Handler
                0x000012dc                NMI_Handler
                0x000012de                HardFault_Handler
                0x000012e0                MemoryManagement_Handler
                0x000012e2                BusFault_Handler
                0x000012e4                UsageFault_Handler
                0x000012e6                SVC_Handler
                0x000012e8                DebugMon_Handler
                0x000012ea                PendSV_Handler
                0x000012ec                SysTick_Handler
                0x000012ee                RTC0_IRQHandler
                0x000012ee                POWER_CLOCK_IRQHandler
                0x000012ee                RADIO_IRQHandler
                0x000012ee                PDM_IRQHandler
                0x000012ee                TEMP_IRQHandler
                0x000012ee                QDEC_IRQHandler
                0x000012ee                TIMER3_IRQHandler
                0x000012ee                FPU_IRQHandler
                0x000012ee                SWI2_EGU2_IRQHandler
                0x000012ee                PWM1_IRQHandler
                0x000012ee                I2S_IRQHandler
                0x000012ee                SWI4_EGU4_IRQHandler
                0x000012ee                GPIOTE_IRQHandler
                0x000012ee                TIMER1_IRQHandler
                0x000012ee                PWM2_IRQHandler
                0x000012ee                ECB_IRQHandler
                0x000012ee                SPIM1_SPIS1_TWIM1_TWIS1_SPI1_TWI1_IRQHandler
                0x000012ee                Default_Handler
                0x000012ee                SAADC_IRQHandler
                0x000012ee                CCM_AAR_IRQHandler
                0x000012ee                WDT_IRQHandler
                0x000012ee                TIMER4_IRQHandler
                0x000012ee                SWI5_EGU5_IRQHandler
                0x000012ee                RNG_IRQHandler
                0x000012ee                RTC2_IRQHandler
                0x000012ee                PWM0_IRQHandler
                0x000012ee                SWI3_EGU3_IRQHandler
                0x000012ee                RTC1_IRQHandler
                0x000012ee                SWI1_EGU1_IRQHandler
                0x000012ee                SPIM2_SPIS2_SPI2_IRQHandler
                0x000012ee                NFCT_IRQHandler
                0x000012ee                SWI0_EGU0_IRQHandler
                0x000012ee                MWU_IRQHandler
                0x000012ee                TIMER2_IRQHandler
                0x000012ee                COMP_LPCOMP_IRQHandler
 .text.SPIM0_SPIS0_TWIM0_TWIS0_SPI0_TWI0_IRQHandler
                0x000012f0       0x34 _build/nrf52832_xxaa/main.c.o
                0x000012f0                SPIM0_SPIS0_TWIM0_TWIS0_SPI0_TWI0_IRQHandler
 .text.TIMER0_IRQHandler
                0x00001324       0x30 _build/nrf52832_xxaa/main.c.o
                0x00001324                TIMER0_IRQHandler
 .text.UARTE0_UART0_IRQHandler
                0x00001354       0x50 _build/nrf52832_xxaa/main.c.o
                0x00001354                UARTE0_UART0_IRQHandler
 .text.writeReg
                0x000013a4       0x44 _build/nrf52832_xxaa/main.c.o
                0x000013a4                writeReg
 .text.config_MAX2719
                0x000013e8      0x154 _build/nrf52832_xxaa/main.c.o
                0x000013e8                config_MAX2719
 .text.display  0x0000153c      0x100 _build/nrf52832_xxaa/main.c.o
                0x0000153c                display
 .text.startup.main
                0x0000163c      0x350 _build/nrf52832_xxaa/main.c.o
                0x0000163c                main
 .text.SystemInit
                0x0000198c      0x3b4 _build/nrf52832_xxaa/system_nrf52.c.o
                0x0000198c                SystemInit
 .text.exit     0x00001d40       0x28 c:/nghiencuu_stm/8_2018-q4-major/bin/../lib/gcc/arm-none-eabi/8.3.1/../../../../arm-none-eabi/lib/thumb/v7e-m+fp/hard\libc_nano.a(lib_a-exit.o)
                0x00001d40                exit
 .text.__libc_init_array
                0x00001d68       0x48 c:/nghiencuu_stm/8_2018-q4-major/bin/../lib/gcc/arm-none-eabi/8.3.1/../../../../arm-none-eabi/lib/thumb/v7e-m+fp/hard\libc_nano.a(lib_a-init.o)
                0x00001d68                __libc_init_array
 .text.memset   0x00001db0       0x10 c:/nghiencuu_stm/8_2018-q4-major/bin/../lib/gcc/arm-none-eabi/8.3.1/../../../../arm-none-eabi/lib/thumb/v7e-m+fp/hard\libc_nano.a(lib_a-memset.o)
                0x00001db0                memset
 .text._exit    0x00001dc0        0x4 c:/nghiencuu_stm/8_2018-q4-major/bin/../lib/gcc/arm-none-eabi/8.3.1/../../../../arm-none-eabi/lib/thumb/v7e-m+fp/hard\libnosys.a(_exit.o)
                0x00001dc0                _exit
 *(.init)
 .init          0x00001dc4        0x4 c:/nghiencuu_stm/8_2018-q4-major/bin/../lib/gcc/arm-none-eabi/8.3.1/thumb/v7e-m+fp/hard/crti.o
                0x00001dc4                _init
 .init          0x00001dc8        0x8 c:/nghiencuu_stm/8_2018-q4-major/bin/../lib/gcc/arm-none-eabi/8.3.1/thumb/v7e-m+fp/hard/crtn.o
 *(.fini)
 .fini          0x00001dd0        0x4 c:/nghiencuu_stm/8_2018-q4-major/bin/../lib/gcc/arm-none-eabi/8.3.1/thumb/v7e-m+fp/hard/crti.o
                0x00001dd0                _fini
 .fini          0x00001dd4        0x8 c:/nghiencuu_stm/8_2018-q4-major/bin/../lib/gcc/arm-none-eabi/8.3.1/thumb/v7e-m+fp/hard/crtn.o
 *crtbegin.o(.ctors)
 *crtbegin?.o(.ctors)
 *(EXCLUDE_FILE(*crtend.o *crtend?.o) .ctors)
 *(SORT_BY_NAME(.ctors.*))
 *(.ctors)
 *crtbegin.o(.dtors)
 *crtbegin?.o(.dtors)
 *(EXCLUDE_FILE(*crtend.o *crtend?.o) .dtors)
 *(SORT_BY_NAME(.dtors.*))
 *(.dtors)
 *(.rodata*)
 *fill*         0x00001ddc        0x4 
 .rodata.delay_machine_code.8030
                0x00001de0        0x6 _build/nrf52832_xxaa/main.c.o
 *fill*         0x00001de6        0x2 
 .rodata._global_impure_ptr
                0x00001de8        0x4 c:/nghiencuu_stm/8_2018-q4-major/bin/../lib/gcc/arm-none-eabi/8.3.1/../../../../arm-none-eabi/lib/thumb/v7e-m+fp/hard\libc_nano.a(lib_a-impure.o)
                0x00001de8                _global_impure_ptr
 *(.eh_frame*)
 .eh_frame      0x00001dec        0x0 c:/nghiencuu_stm/8_2018-q4-major/bin/../lib/gcc/arm-none-eabi/8.3.1/thumb/v7e-m+fp/hard/crtbegin.o
 .eh_frame      0x00001dec        0x4 c:/nghiencuu_stm/8_2018-q4-major/bin/../lib/gcc/arm-none-eabi/8.3.1/thumb/v7e-m+fp/hard/crtend.o

.glue_7         0x00001df0        0x0
 .glue_7        0x00001df0        0x0 linker stubs

.glue_7t        0x00001df0        0x0
 .glue_7t       0x00001df0        0x0 linker stubs

.vfp11_veneer   0x00001df0        0x0
 .vfp11_veneer  0x00001df0        0x0 linker stubs

.v4_bx          0x00001df0        0x0
 .v4_bx         0x00001df0        0x0 linker stubs

.iplt           0x00001df0        0x0
 .iplt          0x00001df0        0x0 c:/nghiencuu_stm/8_2018-q4-major/bin/../lib/gcc/arm-none-eabi/8.3.1/thumb/v7e-m+fp/hard/crtbegin.o

.mem_section_dummy_rom

.log_const_data
                0x00001df0        0x0
                [!provide]                PROVIDE (__start_log_const_data = .)
 *(SORT_BY_NAME(.log_const_data*))
                [!provide]                PROVIDE (__stop_log_const_data = .)

.log_backends   0x00001df0        0x0
                [!provide]                PROVIDE (__start_log_backends = .)
 *(SORT_BY_NAME(.log_backends*))
                [!provide]                PROVIDE (__stop_log_backends = .)

.nrf_balloc     0x00001df0        0x0
                [!provide]                PROVIDE (__start_nrf_balloc = .)
 *(.nrf_balloc)
                [!provide]                PROVIDE (__stop_nrf_balloc = .)

.ARM.extab
 *(.ARM.extab* .gnu.linkonce.armextab.*)
                0x00001df0                __exidx_start = .

.ARM.exidx      0x00001df0        0x8
 *(.ARM.exidx* .gnu.linkonce.armexidx.*)
 .ARM.exidx     0x00001df0        0x8 c:/nghiencuu_stm/8_2018-q4-major/bin/../lib/gcc/arm-none-eabi/8.3.1/../../../../arm-none-eabi/lib/thumb/v7e-m+fp/hard/crt0.o
                0x00001df8                __exidx_end = .
                0x00001df8                __etext = .

.rel.dyn        0x00001df8        0x0
 .rel.iplt      0x00001df8        0x0 c:/nghiencuu_stm/8_2018-q4-major/bin/../lib/gcc/arm-none-eabi/8.3.1/thumb/v7e-m+fp/hard/crtbegin.o

.data           0x20000008       0x70 load address 0x00001df8
                0x20000008                __data_start__ = .
 *(vtable)
 *(.data*)
 .data.data_rx  0x20000008        0x2 _build/nrf52832_xxaa/main.c.o
                0x20000008                data_rx
 *fill*         0x2000000a        0x2 
 .data.SystemCoreClock
                0x2000000c        0x4 _build/nrf52832_xxaa/system_nrf52.c.o
                0x2000000c                SystemCoreClock
 .data.impure_data
                0x20000010       0x60 c:/nghiencuu_stm/8_2018-q4-major/bin/../lib/gcc/arm-none-eabi/8.3.1/../../../../arm-none-eabi/lib/thumb/v7e-m+fp/hard\libc_nano.a(lib_a-impure.o)
                0x20000070                . = ALIGN (0x4)
                0x20000070                PROVIDE (__preinit_array_start = .)
 *(.preinit_array)
                0x20000070                PROVIDE (__preinit_array_end = .)
                0x20000070                . = ALIGN (0x4)
                0x20000070                PROVIDE (__init_array_start = .)
 *(SORT_BY_NAME(.init_array.*))
 *(.init_array)
 .init_array    0x20000070        0x4 c:/nghiencuu_stm/8_2018-q4-major/bin/../lib/gcc/arm-none-eabi/8.3.1/thumb/v7e-m+fp/hard/crtbegin.o
                0x20000074                PROVIDE (__init_array_end = .)
                0x20000074                . = ALIGN (0x4)
                [!provide]                PROVIDE (__fini_array_start = .)
 *(SORT_BY_NAME(.fini_array.*))
 *(.fini_array)
 .fini_array    0x20000074        0x4 c:/nghiencuu_stm/8_2018-q4-major/bin/../lib/gcc/arm-none-eabi/8.3.1/thumb/v7e-m+fp/hard/crtbegin.o
                [!provide]                PROVIDE (__fini_array_end = .)
 *(.jcr*)
                0x20000078                . = ALIGN (0x4)
                0x20000078                __data_end__ = .
LOAD c:/nghiencuu_stm/8_2018-q4-major/bin/../lib/gcc/arm-none-eabi/8.3.1/thumb/v7e-m+fp/hard/crti.o
LOAD c:/nghiencuu_stm/8_2018-q4-major/bin/../lib/gcc/arm-none-eabi/8.3.1/thumb/v7e-m+fp/hard/crtbegin.o
LOAD c:/nghiencuu_stm/8_2018-q4-major/bin/../lib/gcc/arm-none-eabi/8.3.1/../../../../arm-none-eabi/lib/thumb/v7e-m+fp/hard/crt0.o
LOAD _build/nrf52832_xxaa/gcc_startup_nrf52.S.o
LOAD _build/nrf52832_xxaa/nrf_log_frontend.c.o
LOAD _build/nrf52832_xxaa/nrf_log_str_formatter.c.o
LOAD _build/nrf52832_xxaa/boards.c.o
LOAD _build/nrf52832_xxaa/app_error.c.o
LOAD _build/nrf52832_xxaa/app_error_handler_gcc.c.o
LOAD _build/nrf52832_xxaa/app_error_weak.c.o
LOAD _build/nrf52832_xxaa/app_util_platform.c.o
LOAD _build/nrf52832_xxaa/nrf_assert.c.o
LOAD _build/nrf52832_xxaa/nrf_atomic.c.o
LOAD _build/nrf52832_xxaa/nrf_balloc.c.o
LOAD _build/nrf52832_xxaa/nrf_fprintf.c.o
LOAD _build/nrf52832_xxaa/nrf_fprintf_format.c.o
LOAD _build/nrf52832_xxaa/nrf_memobj.c.o
LOAD _build/nrf52832_xxaa/nrf_ringbuf.c.o
LOAD _build/nrf52832_xxaa/nrf_strerror.c.o
LOAD _build/nrf52832_xxaa/nrfx_atomic.c.o
LOAD _build/nrf52832_xxaa/main.c.o
LOAD _build/nrf52832_xxaa/system_nrf52.c.o
LOAD c:/nghiencuu_stm/8_2018-q4-major/bin/../lib/gcc/arm-none-eabi/8.3.1/../../../../arm-none-eabi/lib/thumb/v7e-m+fp/hard\libc_nano.a
LOAD c:/nghiencuu_stm/8_2018-q4-major/bin/../lib/gcc/arm-none-eabi/8.3.1/../../../../arm-none-eabi/lib/thumb/v7e-m+fp/hard\libnosys.a
LOAD c:/nghiencuu_stm/8_2018-q4-major/bin/../lib/gcc/arm-none-eabi/8.3.1/../../../../arm-none-eabi/lib/thumb/v7e-m+fp/hard\libm.a
START GROUP
LOAD c:/nghiencuu_stm/8_2018-q4-major/bin/../lib/gcc/arm-none-eabi/8.3.1/thumb/v7e-m+fp/hard\libgcc.a
LOAD c:/nghiencuu_stm/8_2018-q4-major/bin/../lib/gcc/arm-none-eabi/8.3.1/../../../../arm-none-eabi/lib/thumb/v7e-m+fp/hard\libg_nano.a
LOAD c:/nghiencuu_stm/8_2018-q4-major/bin/../lib/gcc/arm-none-eabi/8.3.1/../../../../arm-none-eabi/lib/thumb/v7e-m+fp/hard\libc_nano.a
END GROUP
START GROUP
LOAD c:/nghiencuu_stm/8_2018-q4-major/bin/../lib/gcc/arm-none-eabi/8.3.1/thumb/v7e-m+fp/hard\libgcc.a
LOAD c:/nghiencuu_stm/8_2018-q4-major/bin/../lib/gcc/arm-none-eabi/8.3.1/../../../../arm-none-eabi/lib/thumb/v7e-m+fp/hard\libc_nano.a
END GROUP
LOAD c:/nghiencuu_stm/8_2018-q4-major/bin/../lib/gcc/arm-none-eabi/8.3.1/thumb/v7e-m+fp/hard/crtend.o
LOAD c:/nghiencuu_stm/8_2018-q4-major/bin/../lib/gcc/arm-none-eabi/8.3.1/thumb/v7e-m+fp/hard/crtn.o
START GROUP
LOAD c:/nghiencuu_stm/8_2018-q4-major/bin/../lib/gcc/arm-none-eabi/8.3.1/thumb/v7e-m+fp/hard\libgcc.a
LOAD c:/nghiencuu_stm/8_2018-q4-major/bin/../lib/gcc/arm-none-eabi/8.3.1/../../../../arm-none-eabi/lib/thumb/v7e-m+fp/hard\libc.a
LOAD c:/nghiencuu_stm/8_2018-q4-major/bin/../lib/gcc/arm-none-eabi/8.3.1/../../../../arm-none-eabi/lib/thumb/v7e-m+fp/hard\libnosys.a
END GROUP

.igot.plt       0x20000078        0x0 load address 0x00001e68
 .igot.plt      0x20000078        0x0 c:/nghiencuu_stm/8_2018-q4-major/bin/../lib/gcc/arm-none-eabi/8.3.1/thumb/v7e-m+fp/hard/crtbegin.o
                0x20000078                . = ALIGN (0x4)

.mem_section_dummy_ram

.log_dynamic_data
                0x20000078        0x0
                [!provide]                PROVIDE (__start_log_dynamic_data = .)
 *(SORT_BY_NAME(.log_dynamic_data*))
                [!provide]                PROVIDE (__stop_log_dynamic_data = .)

.log_filter_data
                0x20000078        0x0
                [!provide]                PROVIDE (__start_log_filter_data = .)
 *(SORT_BY_NAME(.log_filter_data*))
                [!provide]                PROVIDE (__stop_log_filter_data = .)

.bss            0x20000078       0x2c load address 0x00001e68
                0x20000078                . = ALIGN (0x4)
                0x20000078                __bss_start__ = .
 *(.bss*)
 .bss           0x20000078       0x1c c:/nghiencuu_stm/8_2018-q4-major/bin/../lib/gcc/arm-none-eabi/8.3.1/thumb/v7e-m+fp/hard/crtbegin.o
 .bss.val       0x20000094        0x4 _build/nrf52832_xxaa/main.c.o
                0x20000094                val
 *(COMMON)
 COMMON         0x20000098        0xc _build/nrf52832_xxaa/main.c.o
                0x20000098                data_tx_spi
                0x2000009c                data_tx
                0x2000009e                _ss
                0x200000a0                data_rx_spi
                0x200000a2                _data
                0x200000a4                . = ALIGN (0x4)
                0x200000a4                __bss_end__ = .

.heap           0x200000a8     0x2000
                0x200000a8                __HeapBase = .
                0x200000a8                __end__ = .
                [!provide]                PROVIDE (end = .)
 *(.heap*)
 .heap          0x200000a8     0x2000 _build/nrf52832_xxaa/gcc_startup_nrf52.S.o
                0x200020a8                __HeapLimit = .

.stack_dummy    0x200000a8     0x2000
 *(.stack*)
 .stack         0x200000a8     0x2000 _build/nrf52832_xxaa/gcc_startup_nrf52.S.o
                0x20010000                __StackTop = (ORIGIN (RAM) + LENGTH (RAM))
                0x2000e000                __StackLimit = (__StackTop - SIZEOF (.stack_dummy))
                0x20010000                PROVIDE (__stack = __StackTop)
                0x00000001                ASSERT ((__StackLimit >= __HeapLimit), region RAM overflowed with stack)
                0x00000070                DataInitFlashUsed = (__bss_start__ - __data_start__)
                0x00000df8                CodeFlashUsed = (__etext - ORIGIN (FLASH))
                0x00000e68                TotalFlashUsed = (CodeFlashUsed + DataInitFlashUsed)
                0x00000001                ASSERT ((TotalFlashUsed <= LENGTH (FLASH)), region FLASH overflowed with .data and user data)
OUTPUT(_build/nrf52832_xxaa.out elf32-littlearm)

.ARM.attributes
                0x00000000       0x30
 .ARM.attributes
                0x00000000       0x1e c:/nghiencuu_stm/8_2018-q4-major/bin/../lib/gcc/arm-none-eabi/8.3.1/thumb/v7e-m+fp/hard/crti.o
 .ARM.attributes
                0x0000001e       0x34 c:/nghiencuu_stm/8_2018-q4-major/bin/../lib/gcc/arm-none-eabi/8.3.1/thumb/v7e-m+fp/hard/crtbegin.o
 .ARM.attributes
                0x00000052       0x1c c:/nghiencuu_stm/8_2018-q4-major/bin/../lib/gcc/arm-none-eabi/8.3.1/../../../../arm-none-eabi/lib/thumb/v7e-m+fp/hard/crt0.o
 .ARM.attributes
                0x0000006e       0x20 _build/nrf52832_xxaa/gcc_startup_nrf52.S.o
 .ARM.attributes
                0x0000008e       0x34 _build/nrf52832_xxaa/main.c.o
 .ARM.attributes
                0x000000c2       0x34 _build/nrf52832_xxaa/system_nrf52.c.o
 .ARM.attributes
                0x000000f6       0x34 c:/nghiencuu_stm/8_2018-q4-major/bin/../lib/gcc/arm-none-eabi/8.3.1/../../../../arm-none-eabi/lib/thumb/v7e-m+fp/hard\libc_nano.a(lib_a-exit.o)
 .ARM.attributes
                0x0000012a       0x32 c:/nghiencuu_stm/8_2018-q4-major/bin/../lib/gcc/arm-none-eabi/8.3.1/../../../../arm-none-eabi/lib/thumb/v7e-m+fp/hard\libc_nano.a(lib_a-impure.o)
 .ARM.attributes
                0x0000015c       0x34 c:/nghiencuu_stm/8_2018-q4-major/bin/../lib/gcc/arm-none-eabi/8.3.1/../../../../arm-none-eabi/lib/thumb/v7e-m+fp/hard\libc_nano.a(lib_a-init.o)
 .ARM.attributes
                0x00000190       0x34 c:/nghiencuu_stm/8_2018-q4-major/bin/../lib/gcc/arm-none-eabi/8.3.1/../../../../arm-none-eabi/lib/thumb/v7e-m+fp/hard\libc_nano.a(lib_a-memset.o)
 .ARM.attributes
                0x000001c4       0x34 c:/nghiencuu_stm/8_2018-q4-major/bin/../lib/gcc/arm-none-eabi/8.3.1/../../../../arm-none-eabi/lib/thumb/v7e-m+fp/hard\libnosys.a(_exit.o)
 .ARM.attributes
                0x000001f8       0x32 c:/nghiencuu_stm/8_2018-q4-major/bin/../lib/gcc/arm-none-eabi/8.3.1/thumb/v7e-m+fp/hard/crtend.o
 .ARM.attributes
                0x0000022a       0x1e c:/nghiencuu_stm/8_2018-q4-major/bin/../lib/gcc/arm-none-eabi/8.3.1/thumb/v7e-m+fp/hard/crtn.o

.comment        0x00000000       0x76
 .comment       0x00000000       0x76 _build/nrf52832_xxaa/main.c.o
                                 0x77 (size before relaxing)
 .comment       0x00000076       0x77 _build/nrf52832_xxaa/system_nrf52.c.o

.debug_line     0x00000000     0x1ef6
 .debug_line    0x00000000       0x86 _build/nrf52832_xxaa/gcc_startup_nrf52.S.o
 .debug_line    0x00000086     0x15c2 _build/nrf52832_xxaa/main.c.o
 .debug_line    0x00001648      0x8ae _build/nrf52832_xxaa/system_nrf52.c.o

.debug_info     0x00000000     0x3b72
 .debug_info    0x00000000       0x26 _build/nrf52832_xxaa/gcc_startup_nrf52.S.o
 .debug_info    0x00000026     0x28d5 _build/nrf52832_xxaa/main.c.o
 .debug_info    0x000028fb     0x1277 _build/nrf52832_xxaa/system_nrf52.c.o

.debug_abbrev   0x00000000      0x703
 .debug_abbrev  0x00000000       0x14 _build/nrf52832_xxaa/gcc_startup_nrf52.S.o
 .debug_abbrev  0x00000014      0x4c9 _build/nrf52832_xxaa/main.c.o
 .debug_abbrev  0x000004dd      0x226 _build/nrf52832_xxaa/system_nrf52.c.o

.debug_aranges  0x00000000       0xa8
 .debug_aranges
                0x00000000       0x20 _build/nrf52832_xxaa/gcc_startup_nrf52.S.o
 .debug_aranges
                0x00000020       0x60 _build/nrf52832_xxaa/main.c.o
 .debug_aranges
                0x00000080       0x28 _build/nrf52832_xxaa/system_nrf52.c.o

.debug_str      0x00000000    0x6d7ef
 .debug_str     0x00000000       0xc8 _build/nrf52832_xxaa/gcc_startup_nrf52.S.o
 .debug_str     0x000000c8    0x6d2a6 _build/nrf52832_xxaa/main.c.o
                              0x6e181 (size before relaxing)
 .debug_str     0x0006d36e      0x481 _build/nrf52832_xxaa/system_nrf52.c.o
                              0x5c5a3 (size before relaxing)

.debug_loc      0x00000000      0x5f9
 .debug_loc     0x00000000      0x5f9 _build/nrf52832_xxaa/main.c.o

.debug_ranges   0x00000000      0x518
 .debug_ranges  0x00000000      0x310 _build/nrf52832_xxaa/main.c.o
 .debug_ranges  0x00000310      0x208 _build/nrf52832_xxaa/system_nrf52.c.o

.debug_macro    0x00000000      0x46c
 .debug_macro   0x00000000      0x35f _build/nrf52832_xxaa/main.c.o
 .debug_macro   0x0000035f       0x1c _build/nrf52832_xxaa/main.c.o
 .debug_macro   0x0000037b       0xf1 _build/nrf52832_xxaa/system_nrf52.c.o

.debug_frame    0x00000000      0x1e4
 .debug_frame   0x00000000      0x110 _build/nrf52832_xxaa/main.c.o
 .debug_frame   0x00000110       0x40 _build/nrf52832_xxaa/system_nrf52.c.o
 .debug_frame   0x00000150       0x28 c:/nghiencuu_stm/8_2018-q4-major/bin/../lib/gcc/arm-none-eabi/8.3.1/../../../../arm-none-eabi/lib/thumb/v7e-m+fp/hard\libc_nano.a(lib_a-exit.o)
 .debug_frame   0x00000178       0x2c c:/nghiencuu_stm/8_2018-q4-major/bin/../lib/gcc/arm-none-eabi/8.3.1/../../../../arm-none-eabi/lib/thumb/v7e-m+fp/hard\libc_nano.a(lib_a-init.o)
 .debug_frame   0x000001a4       0x20 c:/nghiencuu_stm/8_2018-q4-major/bin/../lib/gcc/arm-none-eabi/8.3.1/../../../../arm-none-eabi/lib/thumb/v7e-m+fp/hard\libc_nano.a(lib_a-memset.o)
 .debug_frame   0x000001c4       0x20 c:/nghiencuu_stm/8_2018-q4-major/bin/../lib/gcc/arm-none-eabi/8.3.1/../../../../arm-none-eabi/lib/thumb/v7e-m+fp/hard\libnosys.a(_exit.o)
